// Jest Snapshot v1, https://goo.gl/fbAQLP

exports[`pruebas en el componente <TodoList /> debe de   1`] = `
<ul
  className="list-group list-group-flush"
>
  <TodoListItem
    handleDelete={[MockFunction]}
    handleToggle={[MockFunction]}
    i={0}
    key="1"
    todo={
      Object {
        "desc": "aprender a jugar",
        "done": false,
        "id": 1,
      }
    }
  />
  <TodoListItem
    handleDelete={[MockFunction]}
    handleToggle={[MockFunction]}
    i={1}
    key="2"
    todo={
      Object {
        "desc": "al minecraft",
        "done": false,
        "id": 2,
      }
    }
  />
</ul>
`;

exports[`pruebas en el componente <TodoList /> debe de mostrarse correctamente  1`] = `
<ul
  className="list-group list-group-flush"
>
  <TodoListItem
    handleDelete={[MockFunction]}
    handleToggle={[MockFunction]}
    i={0}
    key="1"
    todo={
      Object {
        "desc": "aprender a jugar",
        "done": false,
        "id": 1,
      }
    }
  />
  <TodoListItem
    handleDelete={[MockFunction]}
    handleToggle={[MockFunction]}
    i={1}
    key="2"
    todo={
      Object {
        "desc": "al minecraft",
        "done": false,
        "id": 2,
      }
    }
  />
</ul>
`;

exports[`pruebas en el componente <TodoList /> debe de tener   1`] = `
<ul
  className="list-group list-group-flush"
>
  <TodoListItem
    handleDelete={[MockFunction]}
    handleToggle={[MockFunction]}
    i={0}
    key="1"
    todo={
      Object {
        "desc": "aprender a jugar",
        "done": false,
        "id": 1,
      }
    }
  />
  <TodoListItem
    handleDelete={[MockFunction]}
    handleToggle={[MockFunction]}
    i={1}
    key="2"
    todo={
      Object {
        "desc": "al minecraft",
        "done": false,
        "id": 2,
      }
    }
  />
</ul>
`;

exports[`pruebas en el componente <TodoList /> debe de tener 2 <  1`] = `
<ul
  className="list-group list-group-flush"
>
  <TodoListItem
    handleDelete={[MockFunction]}
    handleToggle={[MockFunction]}
    i={0}
    key="1"
    todo={
      Object {
        "desc": "aprender a jugar",
        "done": false,
        "id": 1,
      }
    }
  />
  <TodoListItem
    handleDelete={[MockFunction]}
    handleToggle={[MockFunction]}
    i={1}
    key="2"
    todo={
      Object {
        "desc": "al minecraft",
        "done": false,
        "id": 2,
      }
    }
  />
</ul>
`;

exports[`pruebas en el componente <TodoList /> debe de tener 2 <T  1`] = `
<ul
  className="list-group list-group-flush"
>
  <TodoListItem
    handleDelete={[MockFunction]}
    handleToggle={[MockFunction]}
    i={0}
    key="1"
    todo={
      Object {
        "desc": "aprender a jugar",
        "done": false,
        "id": 1,
      }
    }
  />
  <TodoListItem
    handleDelete={[MockFunction]}
    handleToggle={[MockFunction]}
    i={1}
    key="2"
    todo={
      Object {
        "desc": "al minecraft",
        "done": false,
        "id": 2,
      }
    }
  />
</ul>
`;

exports[`pruebas en el componente <TodoList /> debe de tener 2 <TodoList  1`] = `
<ul
  className="list-group list-group-flush"
>
  <TodoListItem
    handleDelete={[MockFunction]}
    handleToggle={[MockFunction]}
    i={0}
    key="1"
    todo={
      Object {
        "desc": "aprender a jugar",
        "done": false,
        "id": 1,
      }
    }
  />
  <TodoListItem
    handleDelete={[MockFunction]}
    handleToggle={[MockFunction]}
    i={1}
    key="2"
    todo={
      Object {
        "desc": "al minecraft",
        "done": false,
        "id": 2,
      }
    }
  />
</ul>
`;

exports[`pruebas en el componente <TodoList /> debe de tener 2 <TodoListItem  1`] = `
<ul
  className="list-group list-group-flush"
>
  <TodoListItem
    handleDelete={[MockFunction]}
    handleToggle={[MockFunction]}
    i={0}
    key="1"
    todo={
      Object {
        "desc": "aprender a jugar",
        "done": false,
        "id": 1,
      }
    }
  />
  <TodoListItem
    handleDelete={[MockFunction]}
    handleToggle={[MockFunction]}
    i={1}
    key="2"
    todo={
      Object {
        "desc": "al minecraft",
        "done": false,
        "id": 2,
      }
    }
  />
</ul>
`;

exports[`pruebas en el componente <TodoList /> debe de tener 2 <TodoListItem />  1`] = `
<ul
  className="list-group list-group-flush"
>
  <TodoListItem
    handleDelete={[MockFunction]}
    handleToggle={[MockFunction]}
    i={0}
    key="1"
    todo={
      Object {
        "desc": "aprender a jugar",
        "done": false,
        "id": 1,
      }
    }
  />
  <TodoListItem
    handleDelete={[MockFunction]}
    handleToggle={[MockFunction]}
    i={1}
    key="2"
    todo={
      Object {
        "desc": "al minecraft",
        "done": false,
        "id": 2,
      }
    }
  />
</ul>
`;

exports[`pruebas en el componente <TodoList /> debe de tener 2 todo list   1`] = `
<ul
  className="list-group list-group-flush"
>
  <TodoListItem
    handleDelete={[MockFunction]}
    handleToggle={[MockFunction]}
    i={0}
    key="1"
    todo={
      Object {
        "desc": "aprender a jugar",
        "done": false,
        "id": 1,
      }
    }
  />
  <TodoListItem
    handleDelete={[MockFunction]}
    handleToggle={[MockFunction]}
    i={1}
    key="2"
    todo={
      Object {
        "desc": "al minecraft",
        "done": false,
        "id": 2,
      }
    }
  />
</ul>
`;
