// Jest Snapshot v1, https://goo.gl/fbAQLP

exports[`test em el componente <TodoListItem /> debe de mostrarse corectamente  1`] = `
<li
  className="list-group-item"
  key="1"
>
  <p
    className="false"
    onClick={[Function]}
  >
    1
    . 
    aprender a jugar
  </p>
  <button
    className="btn btn-danger"
    onClick={[Function]}
  >
    Borrar
  </button>
</li>
`;
