// Jest Snapshot v1, https://goo.gl/fbAQLP

exports[`pruebas en <HomeScreen /> debe de mostrar el componente correctamente  1`] = `<HomeScreen />`;
